// Jest Snapshot v1, https://goo.gl/fbAQLP

exports[`renders correctly 1`] = `
<div
  className="movie-card__poster movie-card__poster--default"
>
  <img
    alt="test name poster"
    height="327"
    src="test"
    width="218"
  />
</div>
`;
