// Jest Snapshot v1, https://goo.gl/fbAQLP

exports[`renders correctly 1`] = `
<footer
  className="page-footer"
>
  <Logo
    isLight={true}
  />
  <div
    className="copyright"
  >
    <p>
      Â© 2019 What to watch Ltd.
    </p>
  </div>
</footer>
`;
