// Jest Snapshot v1, https://goo.gl/fbAQLP

exports[`renders correctly 1`] = `
<PageWrapper>
  <ConnectFunction
    film={
      Object {
        "backgroundColor": "#795433",
        "backgroundImage": "https://es31-server.appspot.com/wtw/static/film/background/Pulp_Fiction.jpg",
        "description": "The lives of two mob hitmen, a boxer, a gangster & his wife, and a pair of diner bandits intertwine in four tales of violence and redemption.",
        "director": "Quentin Tarantino",
        "genre": "Crime",
        "id": 1,
        "isFavorite": false,
        "name": "Pulp Fiction",
        "posterImage": "https://es31-server.appspot.com/wtw/static/film/poster/Pulp_Fiction.jpg",
        "previewImage": "https://es31-server.appspot.com/wtw/static/film/preview/pulp-fiction.jpg",
        "previewVideoLink": "https://upload.wikimedia.org/wikipedia/commons/transcoded/b/b3/Big_Buck_Bunny_Trailer_400p.ogv/Big_Buck_Bunny_Trailer_400p.ogv.360p.webm",
        "rating": 8.9,
        "released": 1994,
        "runTime": 153,
        "scoresCount": 1635992,
        "starring": Array [
          "John Travolta",
          "Uma Thurman",
          "Samuel L. Jackson",
        ],
        "videoLink": "http://peach.themazzone.com/durian/movies/sintel-1024-surround.mp4",
      }
    }
    header={
      <Header
        className="movie-card__head"
        isLightLogo={true}
        user={
          Object {
            "avatarUrl": "img/1.png",
            "email": "Oliver.conner@gmail.com",
            "id": 1,
            "name": "Oliver.conner",
          }
        }
        withBreadcrumbs={false}
      />
    }
    relatedFilms={
      Array [
        Object {
          "backgroundColor": "#A6B7AC",
          "backgroundImage": "https://es31-server.appspot.com/wtw/static/film/background/gangs_of_new_york.jpg",
          "description": "In 1862, Amsterdam Vallon returns to the Five Points area of New York City seeking revenge against Bill the Butcher, his father's killer.",
          "director": "Martin Scorsese",
          "genre": "Crime",
          "id": 3,
          "isFavorite": false,
          "name": "Gangs of new york",
          "posterImage": "https://es31-server.appspot.com/wtw/static/film/poster/Gangs_of_New_York_Poster.jpg",
          "previewImage": "https://es31-server.appspot.com/wtw/static/film/preview/gangs_of_new_york.jpg",
          "previewVideoLink": "https://download.blender.org/durian/trailer/sintel_trailer-480p.mp4",
          "rating": 7.5,
          "released": 2002,
          "runTime": 167,
          "scoresCount": 370881,
          "starring": Array [
            "Leonardo DiCaprio",
            "Cameron Diaz",
            "Daniel Day-Lewis",
          ],
          "videoLink": "http://media.xiph.org/mango/tears_of_steel_1080p.webm",
        },
      ]
    }
    reviews={
      Array [
        Object {
          "comment": "This is comment",
          "date": "54367894",
          "id": 1,
          "rating": 8,
          "user": Object {
            "id": 2,
            "name": "Joe",
          },
        },
        Object {
          "comment": "This is comment",
          "date": "54367893",
          "id": 3,
          "rating": 7,
          "user": Object {
            "id": 2,
            "name": "Tatiana",
          },
        },
        Object {
          "comment": "This is comment",
          "date": "54367892",
          "id": 2,
          "rating": 6,
          "user": Object {
            "id": 2,
            "name": "Ivan",
          },
        },
      ]
    }
  />
</PageWrapper>
`;
