// Jest Snapshot v1, https://goo.gl/fbAQLP

exports[`renders correctly 1`] = `
<div
  className="movie-card__bg"
>
  <img
    alt="test name"
    src="test"
  />
</div>
`;
